Warning: You are sending unauthenticated requests to the HF Hub. Please set a HF_TOKEN to enable higher rate limits and faster downloads.
C:\Users\evanw\AppData\Local\Programs\Python\Python314\Lib\site-packages\huggingface_hub\file_download.py:139: UserWarning: `huggingface_hub` cache-system uses symlinks by default to efficiently store duplicated files but your machine does not support them in C:\Users\evanw\.cache\huggingface\hub\datasets--HuggingFaceTB--smoltalk. Caching files will still work but in a degraded version that might require more space on your disk. This warning can be disabled by setting the `HF_HUB_DISABLE_SYMLINKS_WARNING` environment variable. For more details, see https://huggingface.co/docs/huggingface_hub/how-to-cache#limitations.
To support symlinks on Windows, you either need to activate Developer Mode or to run Python as an administrator. In order to activate developer mode, see this article: https://docs.microsoft.com/en-us/windows/apps/get-started/enable-your-device-for-development
  warnings.warn(message)
C:\Users\evanw\AppData\Local\Programs\Python\Python314\Lib\site-packages\huggingface_hub\file_download.py:139: UserWarning: `huggingface_hub` cache-system uses symlinks by default to efficiently store duplicated files but your machine does not support them in C:\Users\evanw\.cache\huggingface\hub\datasets--HuggingFaceFW--fineweb-edu. Caching files will still work but in a degraded version that might require more space on your disk. This warning can be disabled by setting the `HF_HUB_DISABLE_SYMLINKS_WARNING` environment variable. For more details, see https://huggingface.co/docs/huggingface_hub/how-to-cache#limitations.
To support symlinks on Windows, you either need to activate Developer Mode or to run Python as an administrator. In order to activate developer mode, see this article: https://docs.microsoft.com/en-us/windows/apps/get-started/enable-your-device-for-development
  warnings.warn(message)
[transformers] Token indices sequence length is longer than the specified maximum sequence length for this model (15695 > 8192). Running this sequence through the model will result in indexing errors
small  ->  HuggingFaceTB/SmolLM2-135M
  135M params, vocab 49,152, shards as uint16 (2 bytes/token)
  full finetune, every parameter trainable
  state: 2.2 GB per T4 (16 bytes/param)
  batch: 16 micro x 4 accum x 2 gpu x 1024 = 131,072 tokens/step
  lr 0.0003, warmup 100
  smoke model: proves the pipeline and gives a real loss curve, not something to publish
direction=reverse  target=0.00B  web=0.00B  chat=0.00B
expect about 0.0 GB on disk as uint16
building val split: 200,000 tokens
  wrote val_000.bin  205,066 tokens  0.00 GB
Warning: You are sending unauthenticated requests to the HF Hub. Please set a HF_TOKEN to enable higher rate limits and faster downloads.
Warning: You are sending unauthenticated requests to the HF Hub. Please set a HF_TOKEN to enable higher rate limits and faster downloads.
Warning: You are sending unauthenticated requests to the HF Hub. Please set a HF_TOKEN to enable higher rate limits and faster downloads.
Warning: You are sending unauthenticated requests to the HF Hub. Please set a HF_TOKEN to enable higher rate limits and faster downloads.
Warning: You are sending unauthenticated requests to the HF Hub. Please set a HF_TOKEN to enable higher rate limits and faster downloads.
Warning: You are sending unauthenticated requests to the HF Hub. Please set a HF_TOKEN to enable higher rate limits and faster downloads.
[transformers] Token indices sequence length is longer than the specified maximum sequence length for this model (14216 > 8192). Running this sequence through the model will result in indexing errors
[transformers] Token indices sequence length is longer than the specified maximum sequence length for this model (9357 > 8192). Running this sequence through the model will result in indexing errors
[transformers] Token indices sequence length is longer than the specified maximum sequence length for this model (13590 > 8192). Running this sequence through the model will result in indexing errors
[transformers] Token indices sequence length is longer than the specified maximum sequence length for this model (11887 > 8192). Running this sequence through the model will result in indexing errors
[transformers] Token indices sequence length is longer than the specified maximum sequence length for this model (21454 > 8192). Running this sequence through the model will result in indexing errors
[transformers] Token indices sequence length is longer than the specified maximum sequence length for this model (12956 > 8192). Running this sequence through the model will result in indexing errors
  val done: 205,066 tokens, 19% conversations
web: 0.000B -> 0.002B tokens, 6 workers, skipping 0 docs
  wrote web_000.bin  2,000,000 tokens  0.00 GB
  wrote web_001.bin  400,046 tokens  0.00 GB
Warning: You are sending unauthenticated requests to the HF Hub. Please set a HF_TOKEN to enable higher rate limits and faster downloads.
Warning: You are sending unauthenticated requests to the HF Hub. Please set a HF_TOKEN to enable higher rate limits and faster downloads.
Warning: You are sending unauthenticated requests to the HF Hub. Please set a HF_TOKEN to enable higher rate limits and faster downloads.
Warning: You are sending unauthenticated requests to the HF Hub. Please set a HF_TOKEN to enable higher rate limits and faster downloads.
Warning: You are sending unauthenticated requests to the HF Hub. Please set a HF_TOKEN to enable higher rate limits and faster downloads.
Warning: You are sending unauthenticated requests to the HF Hub. Please set a HF_TOKEN to enable higher rate limits and faster downloads.
[transformers] Token indices sequence length is longer than the specified maximum sequence length for this model (8570 > 8192). Running this sequence through the model will result in indexing errors
web: 0.002B tokens in 2 shards
chat: 0.000B -> 0.001B tokens, 6 workers, skipping 0 docs
  wrote chat_000.bin  601,013 tokens  0.00 GB
chat: 0.001B tokens in 1 shards

done: 0.003B train tokens, 205,066 val tokens, 0.01 GB on disk
upload localrun\tokens as a Kaggle Dataset next
